  Determining projects to restore...
  All projects are up-to-date for restore.
  Misan.Shared.Kernel -> E:\HamidTech_Ventures\My_products\Al-Nukhwa\AlNukhwa.Backend\src\Misan.Shared.Kernel\bin\Debug\net9.0\Misan.Shared.Kernel.dll
E:\HamidTech_Ventures\My_products\Al-Nukhwa\AlNukhwa.Backend\src\Misan.Modules.Clinical\Infrastructure\Services\PrescriptionPdfService.cs(14,9): error CS0103: The name 'Settings' does not exist in the current context [E:\HamidTech_Ventures\My_products\Al-Nukhwa\AlNukhwa.Backend\src\Misan.Modules.Clinical\Misan.Modules.Clinical.csproj]
E:\HamidTech_Ventures\My_products\Al-Nukhwa\AlNukhwa.Backend\src\Misan.Modules.Clinical\Infrastructure\Services\PrescriptionPdfService.cs(27,46): error CS1061: 'TextSpanDescriptor' does not contain a definition for 'Colors' and no accessible extension method 'Colors' accepting a first argument of type 'TextSpanDescriptor' could be found (are you missing a using directive or an assembly reference?) [E:\HamidTech_Ventures\My_products\Al-Nukhwa\AlNukhwa.Backend\src\Misan.Modules.Clinical\Misan.Modules.Clinical.csproj]
  Misan.Modules.Identity -> E:\HamidTech_Ventures\My_products\Al-Nukhwa\AlNukhwa.Backend\src\Misan.Modules.Identity\bin\Debug\net9.0\Misan.Modules.Identity.dll
  Misan.Modules.Profiles -> E:\HamidTech_Ventures\My_products\Al-Nukhwa\AlNukhwa.Backend\src\Misan.Modules.Profiles\bin\Debug\net9.0\Misan.Modules.Profiles.dll

Build FAILED.

E:\HamidTech_Ventures\My_products\Al-Nukhwa\AlNukhwa.Backend\src\Misan.Modules.Clinical\Infrastructure\Services\PrescriptionPdfService.cs(14,9): error CS0103: The name 'Settings' does not exist in the current context [E:\HamidTech_Ventures\My_products\Al-Nukhwa\AlNukhwa.Backend\src\Misan.Modules.Clinical\Misan.Modules.Clinical.csproj]
E:\HamidTech_Ventures\My_products\Al-Nukhwa\AlNukhwa.Backend\src\Misan.Modules.Clinical\Infrastructure\Services\PrescriptionPdfService.cs(27,46): error CS1061: 'TextSpanDescriptor' does not contain a definition for 'Colors' and no accessible extension method 'Colors' accepting a first argument of type 'TextSpanDescriptor' could be found (are you missing a using directive or an assembly reference?) [E:\HamidTech_Ventures\My_products\Al-Nukhwa\AlNukhwa.Backend\src\Misan.Modules.Clinical\Misan.Modules.Clinical.csproj]
    0 Warning(s)
    2 Error(s)

Time Elapsed 00:00:04.82
